[2026-04-23T16:10:24.640+0000] {local_task_job_runner.py:123} INFO - ::group::Pre task execution logs
[2026-04-23T16:10:24.656+0000] {taskinstance.py:2603} INFO - Dependencies all met for dep_context=non-requeueable deps ti=<TaskInstance: trigger_databricks_job.silver manual__2026-04-23T16:10:24.095897+00:00 [queued]>
[2026-04-23T16:10:24.669+0000] {taskinstance.py:2603} INFO - Dependencies all met for dep_context=requeueable deps ti=<TaskInstance: trigger_databricks_job.silver manual__2026-04-23T16:10:24.095897+00:00 [queued]>
[2026-04-23T16:10:24.670+0000] {taskinstance.py:2856} INFO - Starting attempt 1 of 2
[2026-04-23T16:10:24.683+0000] {taskinstance.py:2879} INFO - Executing <Task(DatabricksRunNowOperator): silver> on 2026-04-23 16:10:24.095897+00:00
[2026-04-23T16:10:24.690+0000] {logging_mixin.py:190} WARNING - /home/***/.local/lib/python3.12/site-packages/***/task/task_runner/standard_task_runner.py:70 DeprecationWarning: This process (pid=285) is multi-threaded, use of fork() may lead to deadlocks in the child.
[2026-04-23T16:10:24.690+0000] {standard_task_runner.py:104} INFO - Running: ['***', 'tasks', 'run', 'trigger_databricks_job', 'silver', 'manual__2026-04-23T16:10:24.095897+00:00', '--job-id', '6', '--raw', '--subdir', 'DAGS_FOLDER/databricks_dag.py', '--cfg-path', '/tmp/tmpqigcbn5u']
[2026-04-23T16:10:24.693+0000] {standard_task_runner.py:72} INFO - Started process 286 to run task
[2026-04-23T16:10:24.693+0000] {standard_task_runner.py:105} INFO - Job 6: Subtask silver
[2026-04-23T16:10:24.742+0000] {task_command.py:467} INFO - Running <TaskInstance: trigger_databricks_job.silver manual__2026-04-23T16:10:24.095897+00:00 [running]> on host 67bf20298209
[2026-04-23T16:10:24.813+0000] {taskinstance.py:3122} INFO - Exporting env vars: AIRFLOW_CTX_DAG_OWNER='***' AIRFLOW_CTX_DAG_ID='trigger_databricks_job' AIRFLOW_CTX_TASK_ID='silver' AIRFLOW_CTX_EXECUTION_DATE='2026-04-23T16:10:24.095897+00:00' AIRFLOW_CTX_TRY_NUMBER='1' AIRFLOW_CTX_DAG_RUN_ID='manual__2026-04-23T16:10:24.095897+00:00'
[2026-04-23T16:10:24.814+0000] {taskinstance.py:731} INFO - ::endgroup::
[2026-04-23T16:10:24.839+0000] {base.py:84} INFO - Retrieving connection 'databricks_default'
[2026-04-23T16:10:24.842+0000] {databricks_base.py:687} INFO - Using basic auth.
[2026-04-23T16:10:25.800+0000] {databricks.py:83} INFO - Run submitted with run_id: 968320253511915
[2026-04-23T16:10:25.801+0000] {databricks_base.py:687} INFO - Using basic auth.
[2026-04-23T16:10:26.170+0000] {databricks_base.py:687} INFO - Using basic auth.
[2026-04-23T16:10:26.550+0000] {databricks.py:135} INFO - silver in run state: {'life_cycle_state': 'QUEUED', 'result_state': '', 'state_message': ''}
[2026-04-23T16:10:26.552+0000] {databricks.py:136} INFO - View run status, Spark UI, and logs at https://dbc-a744bafb-339b.cloud.databricks.com/?o=7474660085700623#job/755475453736163/run/968320253511915
[2026-04-23T16:10:26.553+0000] {databricks.py:137} INFO - Sleeping for 30 seconds.
[2026-04-23T16:10:56.552+0000] {databricks_base.py:687} INFO - Using basic auth.
[2026-04-23T16:10:57.045+0000] {databricks.py:135} INFO - silver in run state: {'life_cycle_state': 'RUNNING', 'result_state': '', 'state_message': ''}
[2026-04-23T16:10:57.046+0000] {databricks.py:136} INFO - View run status, Spark UI, and logs at https://dbc-a744bafb-339b.cloud.databricks.com/?o=7474660085700623#job/755475453736163/run/968320253511915
[2026-04-23T16:10:57.047+0000] {databricks.py:137} INFO - Sleeping for 30 seconds.
[2026-04-23T16:11:27.047+0000] {databricks_base.py:687} INFO - Using basic auth.
[2026-04-23T16:11:27.434+0000] {databricks.py:135} INFO - silver in run state: {'life_cycle_state': 'RUNNING', 'result_state': '', 'state_message': ''}
[2026-04-23T16:11:27.444+0000] {databricks.py:136} INFO - View run status, Spark UI, and logs at https://dbc-a744bafb-339b.cloud.databricks.com/?o=7474660085700623#job/755475453736163/run/968320253511915
[2026-04-23T16:11:27.446+0000] {databricks.py:137} INFO - Sleeping for 30 seconds.
[2026-04-23T16:11:57.446+0000] {databricks_base.py:687} INFO - Using basic auth.
[2026-04-23T16:11:57.980+0000] {databricks.py:135} INFO - silver in run state: {'life_cycle_state': 'RUNNING', 'result_state': '', 'state_message': ''}
[2026-04-23T16:11:57.984+0000] {databricks.py:136} INFO - View run status, Spark UI, and logs at https://dbc-a744bafb-339b.cloud.databricks.com/?o=7474660085700623#job/755475453736163/run/968320253511915
[2026-04-23T16:11:57.986+0000] {databricks.py:137} INFO - Sleeping for 30 seconds.
[2026-04-23T16:12:27.990+0000] {databricks_base.py:687} INFO - Using basic auth.
[2026-04-23T16:12:28.321+0000] {databricks.py:135} INFO - silver in run state: {'life_cycle_state': 'RUNNING', 'result_state': '', 'state_message': ''}
[2026-04-23T16:12:28.323+0000] {databricks.py:136} INFO - View run status, Spark UI, and logs at https://dbc-a744bafb-339b.cloud.databricks.com/?o=7474660085700623#job/755475453736163/run/968320253511915
[2026-04-23T16:12:28.324+0000] {databricks.py:137} INFO - Sleeping for 30 seconds.
[2026-04-23T16:12:52.424+0000] {local_task_job_runner.py:127} ERROR - Received SIGTERM. Terminating subprocesses
[2026-04-23T16:12:52.431+0000] {process_utils.py:132} INFO - Sending 15 to group 286. PIDs of all processes in the group: [286]
[2026-04-23T16:12:52.447+0000] {process_utils.py:87} INFO - Sending the signal 15 to group 286
[2026-04-23T16:12:52.454+0000] {taskinstance.py:3083} ERROR - Received SIGTERM. Terminating subprocesses.
[2026-04-23T16:12:52.455+0000] {databricks_base.py:687} INFO - Using basic auth.
[2026-04-23T16:12:53.116+0000] {databricks.py:960} INFO - Task: silver with run_id: 968320253511915 was requested to be cancelled.
[2026-04-23T16:12:53.124+0000] {taskinstance.py:3301} ERROR - Task failed with exception
Traceback (most recent call last):
  File "/home/airflow/.local/lib/python3.12/site-packages/airflow/models/taskinstance.py", line 767, in _execute_task
    result = _execute_callable(context=context, **execute_callable_kwargs)
             ^^^^^^^^^^^^^^^^^^^^^^^^^^^^^^^^^^^^^^^^^^^^^^^^^^^^^^^^^^^^^
  File "/home/airflow/.local/lib/python3.12/site-packages/airflow/models/taskinstance.py", line 733, in _execute_callable
    return ExecutionCallableRunner(
           ^^^^^^^^^^^^^^^^^^^^^^^^
  File "/home/airflow/.local/lib/python3.12/site-packages/airflow/utils/operator_helpers.py", line 252, in run
    return self.func(*args, **kwargs)
           ^^^^^^^^^^^^^^^^^^^^^^^^^^
  File "/home/airflow/.local/lib/python3.12/site-packages/airflow/models/baseoperator.py", line 406, in wrapper
    return func(self, *args, **kwargs)
           ^^^^^^^^^^^^^^^^^^^^^^^^^^^
  File "/home/airflow/.local/lib/python3.12/site-packages/airflow/providers/databricks/operators/databricks.py", line 933, in execute
    _handle_databricks_operator_execution(self, hook, self.log, context)
  File "/home/airflow/.local/lib/python3.12/site-packages/airflow/providers/databricks/operators/databricks.py", line 138, in _handle_databricks_operator_execution
    time.sleep(operator.polling_period_seconds)
  File "/home/airflow/.local/lib/python3.12/site-packages/airflow/models/taskinstance.py", line 3085, in signal_handler
    raise AirflowTaskTerminated("Task received SIGTERM signal")
airflow.exceptions.AirflowTaskTerminated: Task received SIGTERM signal
[2026-04-23T16:12:53.130+0000] {taskinstance.py:1225} INFO - Marking task as UP_FOR_RETRY. dag_id=trigger_databricks_job, task_id=silver, run_id=manual__2026-04-23T16:10:24.095897+00:00, execution_date=20260423T161024, start_date=20260423T161024, end_date=20260423T161253
[2026-04-23T16:12:53.147+0000] {taskinstance.py:340} INFO - ::group::Post task execution logs
[2026-04-23T16:12:53.173+0000] {process_utils.py:80} INFO - Process psutil.Process(pid=286, status='terminated', exitcode=2, started='16:10:23') (286) terminated with exit code 2
[2026-04-23T16:12:53.174+0000] {local_task_job_runner.py:261} INFO - Task exited with return code 143
[2026-04-23T16:12:53.191+0000] {taskinstance.py:3891} INFO - 0 downstream tasks scheduled from follow-on schedule check
