[2026-04-21T03:15:45.187+0000] {local_task_job_runner.py:123} INFO - ::group::Pre task execution logs
[2026-04-21T03:15:45.202+0000] {taskinstance.py:2603} INFO - Dependencies all met for dep_context=non-requeueable deps ti=<TaskInstance: trigger_databricks_job.run_my_job manual__2026-04-21T03:15:44.748671+00:00 [queued]>
[2026-04-21T03:15:45.209+0000] {taskinstance.py:2603} INFO - Dependencies all met for dep_context=requeueable deps ti=<TaskInstance: trigger_databricks_job.run_my_job manual__2026-04-21T03:15:44.748671+00:00 [queued]>
[2026-04-21T03:15:45.211+0000] {taskinstance.py:2856} INFO - Starting attempt 1 of 2
[2026-04-21T03:15:45.222+0000] {taskinstance.py:2879} INFO - Executing <Task(DatabricksRunNowOperator): run_my_job> on 2026-04-21 03:15:44.748671+00:00
[2026-04-21T03:15:45.228+0000] {logging_mixin.py:190} WARNING - /home/***/.local/lib/python3.12/site-packages/***/task/task_runner/standard_task_runner.py:70 DeprecationWarning: This process (pid=217) is multi-threaded, use of fork() may lead to deadlocks in the child.
[2026-04-21T03:15:45.228+0000] {standard_task_runner.py:104} INFO - Running: ['***', 'tasks', 'run', 'trigger_databricks_job', 'run_my_job', 'manual__2026-04-21T03:15:44.748671+00:00', '--job-id', '2', '--raw', '--subdir', 'DAGS_FOLDER/databricks_dag.py', '--cfg-path', '/tmp/tmpy49h0hnc']
[2026-04-21T03:15:45.230+0000] {standard_task_runner.py:72} INFO - Started process 218 to run task
[2026-04-21T03:15:45.230+0000] {standard_task_runner.py:105} INFO - Job 2: Subtask run_my_job
[2026-04-21T03:15:45.269+0000] {task_command.py:467} INFO - Running <TaskInstance: trigger_databricks_job.run_my_job manual__2026-04-21T03:15:44.748671+00:00 [running]> on host eb62f2ac718c
[2026-04-21T03:15:45.336+0000] {taskinstance.py:3122} INFO - Exporting env vars: AIRFLOW_CTX_DAG_OWNER='***' AIRFLOW_CTX_DAG_ID='trigger_databricks_job' AIRFLOW_CTX_TASK_ID='run_my_job' AIRFLOW_CTX_EXECUTION_DATE='2026-04-21T03:15:44.748671+00:00' AIRFLOW_CTX_TRY_NUMBER='1' AIRFLOW_CTX_DAG_RUN_ID='manual__2026-04-21T03:15:44.748671+00:00'
[2026-04-21T03:15:45.337+0000] {taskinstance.py:731} INFO - ::endgroup::
[2026-04-21T03:15:45.376+0000] {base.py:84} INFO - Retrieving connection 'databricks_default'
[2026-04-21T03:15:45.978+0000] {databricks.py:83} INFO - Run submitted with run_id: 581962552391181
[2026-04-21T03:15:46.526+0000] {databricks.py:135} INFO - run_my_job in run state: {'life_cycle_state': 'RUNNING', 'result_state': '', 'state_message': ''}
[2026-04-21T03:15:46.527+0000] {databricks.py:136} INFO - View run status, Spark UI, and logs at https://dbc-a744bafb-339b.cloud.databricks.com/?o=7474660085700623#job/755475453736163/run/581962552391181
[2026-04-21T03:15:46.528+0000] {databricks.py:137} INFO - Sleeping for 30 seconds.
[2026-04-21T03:16:16.796+0000] {databricks.py:94} INFO - run_my_job completed successfully.
[2026-04-21T03:16:16.797+0000] {databricks.py:95} INFO - View run status, Spark UI, and logs at https://dbc-a744bafb-339b.cloud.databricks.com/?o=7474660085700623#job/755475453736163/run/581962552391181
[2026-04-21T03:16:16.803+0000] {taskinstance.py:340} INFO - ::group::Post task execution logs
[2026-04-21T03:16:16.804+0000] {taskinstance.py:352} INFO - Marking task as SUCCESS. dag_id=trigger_databricks_job, task_id=run_my_job, run_id=manual__2026-04-21T03:15:44.748671+00:00, execution_date=20260421T031544, start_date=20260421T031545, end_date=20260421T031616
[2026-04-21T03:16:16.834+0000] {local_task_job_runner.py:261} INFO - Task exited with return code 0
[2026-04-21T03:16:16.844+0000] {taskinstance.py:3891} INFO - 0 downstream tasks scheduled from follow-on schedule check
[2026-04-21T03:16:16.846+0000] {local_task_job_runner.py:240} INFO - ::endgroup::
