[2026-04-23T16:19:45.680+0000] {local_task_job_runner.py:123} INFO - ::group::Pre task execution logs
[2026-04-23T16:19:45.693+0000] {taskinstance.py:2603} INFO - Dependencies all met for dep_context=non-requeueable deps ti=<TaskInstance: trigger_databricks_job.tasks manual__2026-04-23T16:19:44.003382+00:00 [queued]>
[2026-04-23T16:19:45.700+0000] {taskinstance.py:2603} INFO - Dependencies all met for dep_context=requeueable deps ti=<TaskInstance: trigger_databricks_job.tasks manual__2026-04-23T16:19:44.003382+00:00 [queued]>
[2026-04-23T16:19:45.702+0000] {taskinstance.py:2856} INFO - Starting attempt 1 of 2
[2026-04-23T16:19:45.713+0000] {taskinstance.py:2879} INFO - Executing <Task(DatabricksRunNowOperator): tasks> on 2026-04-23 16:19:44.003382+00:00
[2026-04-23T16:19:45.720+0000] {logging_mixin.py:190} WARNING - /home/***/.local/lib/python3.12/site-packages/***/task/task_runner/standard_task_runner.py:70 DeprecationWarning: This process (pid=183) is multi-threaded, use of fork() may lead to deadlocks in the child.
[2026-04-23T16:19:45.721+0000] {standard_task_runner.py:72} INFO - Started process 184 to run task
[2026-04-23T16:19:45.720+0000] {standard_task_runner.py:104} INFO - Running: ['***', 'tasks', 'run', 'trigger_databricks_job', 'tasks', 'manual__2026-04-23T16:19:44.003382+00:00', '--job-id', '2', '--raw', '--subdir', 'DAGS_FOLDER/databricks_dag.py', '--cfg-path', '/tmp/tmp5j4pez4u']
[2026-04-23T16:19:45.722+0000] {standard_task_runner.py:105} INFO - Job 2: Subtask tasks
[2026-04-23T16:19:45.827+0000] {task_command.py:467} INFO - Running <TaskInstance: trigger_databricks_job.tasks manual__2026-04-23T16:19:44.003382+00:00 [running]> on host 0588f81aa041
[2026-04-23T16:19:45.899+0000] {taskinstance.py:3122} INFO - Exporting env vars: AIRFLOW_CTX_DAG_OWNER='***' AIRFLOW_CTX_DAG_ID='trigger_databricks_job' AIRFLOW_CTX_TASK_ID='tasks' AIRFLOW_CTX_EXECUTION_DATE='2026-04-23T16:19:44.003382+00:00' AIRFLOW_CTX_TRY_NUMBER='1' AIRFLOW_CTX_DAG_RUN_ID='manual__2026-04-23T16:19:44.003382+00:00'
[2026-04-23T16:19:45.899+0000] {taskinstance.py:731} INFO - ::endgroup::
[2026-04-23T16:19:45.942+0000] {base.py:84} INFO - Retrieving connection 'databricks_default'
[2026-04-23T16:19:45.946+0000] {databricks_base.py:687} INFO - Using basic auth.
[2026-04-23T16:19:46.634+0000] {databricks.py:83} INFO - Run submitted with run_id: 690281922642519
[2026-04-23T16:19:46.635+0000] {databricks_base.py:687} INFO - Using basic auth.
[2026-04-23T16:19:47.032+0000] {databricks_base.py:687} INFO - Using basic auth.
[2026-04-23T16:19:47.459+0000] {databricks.py:135} INFO - tasks in run state: {'life_cycle_state': 'QUEUED', 'result_state': '', 'state_message': ''}
[2026-04-23T16:19:47.460+0000] {databricks.py:136} INFO - View run status, Spark UI, and logs at https://dbc-a744bafb-339b.cloud.databricks.com/?o=7474660085700623#job/755475453736163/run/690281922642519
[2026-04-23T16:19:47.460+0000] {databricks.py:137} INFO - Sleeping for 30 seconds.
[2026-04-23T16:20:17.461+0000] {databricks_base.py:687} INFO - Using basic auth.
[2026-04-23T16:20:18.010+0000] {databricks.py:135} INFO - tasks in run state: {'life_cycle_state': 'RUNNING', 'result_state': '', 'state_message': ''}
[2026-04-23T16:20:18.012+0000] {databricks.py:136} INFO - View run status, Spark UI, and logs at https://dbc-a744bafb-339b.cloud.databricks.com/?o=7474660085700623#job/755475453736163/run/690281922642519
[2026-04-23T16:20:18.013+0000] {databricks.py:137} INFO - Sleeping for 30 seconds.
[2026-04-23T16:20:48.012+0000] {databricks_base.py:687} INFO - Using basic auth.
[2026-04-23T16:20:48.797+0000] {databricks.py:94} INFO - tasks completed successfully.
[2026-04-23T16:20:48.802+0000] {databricks.py:95} INFO - View run status, Spark UI, and logs at https://dbc-a744bafb-339b.cloud.databricks.com/?o=7474660085700623#job/755475453736163/run/690281922642519
[2026-04-23T16:20:48.827+0000] {taskinstance.py:340} INFO - ::group::Post task execution logs
[2026-04-23T16:20:48.829+0000] {taskinstance.py:352} INFO - Marking task as SUCCESS. dag_id=trigger_databricks_job, task_id=tasks, run_id=manual__2026-04-23T16:19:44.003382+00:00, execution_date=20260423T161944, start_date=20260423T161945, end_date=20260423T162048
[2026-04-23T16:20:48.881+0000] {local_task_job_runner.py:261} INFO - Task exited with return code 0
[2026-04-23T16:20:48.908+0000] {taskinstance.py:3891} INFO - 0 downstream tasks scheduled from follow-on schedule check
[2026-04-23T16:20:48.912+0000] {local_task_job_runner.py:240} INFO - ::endgroup::
