[2026-04-23T16:16:02.397+0000] {local_task_job_runner.py:123} INFO - ::group::Pre task execution logs
[2026-04-23T16:16:02.411+0000] {taskinstance.py:2603} INFO - Dependencies all met for dep_context=non-requeueable deps ti=<TaskInstance: trigger_databricks_job.tasks manual__2026-04-23T16:14:03.354953+00:00 [queued]>
[2026-04-23T16:16:02.420+0000] {taskinstance.py:2603} INFO - Dependencies all met for dep_context=requeueable deps ti=<TaskInstance: trigger_databricks_job.tasks manual__2026-04-23T16:14:03.354953+00:00 [queued]>
[2026-04-23T16:16:02.423+0000] {taskinstance.py:2856} INFO - Starting attempt 1 of 2
[2026-04-23T16:16:02.434+0000] {taskinstance.py:2879} INFO - Executing <Task(DatabricksRunNowOperator): tasks> on 2026-04-23 16:14:03.354953+00:00
[2026-04-23T16:16:02.440+0000] {logging_mixin.py:190} WARNING - /home/***/.local/lib/python3.12/site-packages/***/task/task_runner/standard_task_runner.py:70 DeprecationWarning: This process (pid=214) is multi-threaded, use of fork() may lead to deadlocks in the child.
[2026-04-23T16:16:02.441+0000] {standard_task_runner.py:72} INFO - Started process 215 to run task
[2026-04-23T16:16:02.440+0000] {standard_task_runner.py:104} INFO - Running: ['***', 'tasks', 'run', 'trigger_databricks_job', 'tasks', 'manual__2026-04-23T16:14:03.354953+00:00', '--job-id', '4', '--raw', '--subdir', 'DAGS_FOLDER/databricks_dag.py', '--cfg-path', '/tmp/tmpluwvkgv2']
[2026-04-23T16:16:02.443+0000] {standard_task_runner.py:105} INFO - Job 4: Subtask tasks
[2026-04-23T16:16:02.488+0000] {task_command.py:467} INFO - Running <TaskInstance: trigger_databricks_job.tasks manual__2026-04-23T16:14:03.354953+00:00 [running]> on host 2e907bf8fb05
[2026-04-23T16:16:02.563+0000] {taskinstance.py:3122} INFO - Exporting env vars: AIRFLOW_CTX_DAG_OWNER='***' AIRFLOW_CTX_DAG_ID='trigger_databricks_job' AIRFLOW_CTX_TASK_ID='tasks' AIRFLOW_CTX_EXECUTION_DATE='2026-04-23T16:14:03.354953+00:00' AIRFLOW_CTX_TRY_NUMBER='1' AIRFLOW_CTX_DAG_RUN_ID='manual__2026-04-23T16:14:03.354953+00:00'
[2026-04-23T16:16:02.565+0000] {taskinstance.py:731} INFO - ::endgroup::
[2026-04-23T16:16:02.584+0000] {base.py:84} INFO - Retrieving connection 'databricks_default'
[2026-04-23T16:16:02.586+0000] {databricks_base.py:687} INFO - Using basic auth.
[2026-04-23T16:16:03.232+0000] {databricks.py:83} INFO - Run submitted with run_id: 1079128858635620
[2026-04-23T16:16:03.234+0000] {databricks_base.py:687} INFO - Using basic auth.
[2026-04-23T16:16:03.576+0000] {databricks_base.py:687} INFO - Using basic auth.
[2026-04-23T16:16:03.905+0000] {databricks.py:135} INFO - tasks in run state: {'life_cycle_state': 'QUEUED', 'result_state': '', 'state_message': ''}
[2026-04-23T16:16:03.907+0000] {databricks.py:136} INFO - View run status, Spark UI, and logs at https://dbc-a744bafb-339b.cloud.databricks.com/?o=7474660085700623#job/755475453736163/run/1079128858635620
[2026-04-23T16:16:03.907+0000] {databricks.py:137} INFO - Sleeping for 30 seconds.
[2026-04-23T16:16:33.906+0000] {databricks_base.py:687} INFO - Using basic auth.
[2026-04-23T16:16:34.261+0000] {databricks.py:135} INFO - tasks in run state: {'life_cycle_state': 'QUEUED', 'result_state': '', 'state_message': ''}
[2026-04-23T16:16:34.262+0000] {databricks.py:136} INFO - View run status, Spark UI, and logs at https://dbc-a744bafb-339b.cloud.databricks.com/?o=7474660085700623#job/755475453736163/run/1079128858635620
[2026-04-23T16:16:34.263+0000] {databricks.py:137} INFO - Sleeping for 30 seconds.
[2026-04-23T16:17:04.263+0000] {databricks_base.py:687} INFO - Using basic auth.
[2026-04-23T16:17:04.710+0000] {taskinstance.py:3301} ERROR - Task failed with exception
Traceback (most recent call last):
  File "/home/airflow/.local/lib/python3.12/site-packages/airflow/providers/databricks/hooks/databricks_base.py", line 703, in _do_api_call
    for attempt in self._get_retry_object():
                   ^^^^^^^^^^^^^^^^^^^^^^^^
  File "/home/airflow/.local/lib/python3.12/site-packages/tenacity/__init__.py", line 443, in __iter__
    do = self.iter(retry_state=retry_state)
         ^^^^^^^^^^^^^^^^^^^^^^^^^^^^^^^^^^
  File "/home/airflow/.local/lib/python3.12/site-packages/tenacity/__init__.py", line 376, in iter
    result = action(retry_state)
             ^^^^^^^^^^^^^^^^^^^
  File "/home/airflow/.local/lib/python3.12/site-packages/tenacity/__init__.py", line 398, in <lambda>
    self._add_action_func(lambda rs: rs.outcome.result())
                                     ^^^^^^^^^^^^^^^^^^^
  File "/usr/local/lib/python3.12/concurrent/futures/_base.py", line 449, in result
    return self.__get_result()
           ^^^^^^^^^^^^^^^^^^^
  File "/usr/local/lib/python3.12/concurrent/futures/_base.py", line 401, in __get_result
    raise self._exception
  File "/home/airflow/.local/lib/python3.12/site-packages/airflow/providers/databricks/hooks/databricks_base.py", line 722, in _do_api_call
    response.raise_for_status()
  File "/home/airflow/.local/lib/python3.12/site-packages/requests/models.py", line 1024, in raise_for_status
    raise HTTPError(http_error_msg, response=self)
requests.exceptions.HTTPError: 400 Client Error: Bad Request for url: https://dbc-a744bafb-339b.cloud.databricks.com/api/2.1/jobs/runs/get?run_id=1079128858635620

During handling of the above exception, another exception occurred:

Traceback (most recent call last):
  File "/home/airflow/.local/lib/python3.12/site-packages/airflow/models/taskinstance.py", line 767, in _execute_task
    result = _execute_callable(context=context, **execute_callable_kwargs)
             ^^^^^^^^^^^^^^^^^^^^^^^^^^^^^^^^^^^^^^^^^^^^^^^^^^^^^^^^^^^^^
  File "/home/airflow/.local/lib/python3.12/site-packages/airflow/models/taskinstance.py", line 733, in _execute_callable
    return ExecutionCallableRunner(
           ^^^^^^^^^^^^^^^^^^^^^^^^
  File "/home/airflow/.local/lib/python3.12/site-packages/airflow/utils/operator_helpers.py", line 252, in run
    return self.func(*args, **kwargs)
           ^^^^^^^^^^^^^^^^^^^^^^^^^^
  File "/home/airflow/.local/lib/python3.12/site-packages/airflow/models/baseoperator.py", line 406, in wrapper
    return func(self, *args, **kwargs)
           ^^^^^^^^^^^^^^^^^^^^^^^^^^^
  File "/home/airflow/.local/lib/python3.12/site-packages/airflow/providers/databricks/operators/databricks.py", line 933, in execute
    _handle_databricks_operator_execution(self, hook, self.log, context)
  File "/home/airflow/.local/lib/python3.12/site-packages/airflow/providers/databricks/operators/databricks.py", line 90, in _handle_databricks_operator_execution
    run_info = hook.get_run(operator.run_id)
               ^^^^^^^^^^^^^^^^^^^^^^^^^^^^^
  File "/home/airflow/.local/lib/python3.12/site-packages/airflow/providers/databricks/hooks/databricks.py", line 545, in get_run
    response = self._do_api_call(GET_RUN_ENDPOINT, json)
               ^^^^^^^^^^^^^^^^^^^^^^^^^^^^^^^^^^^^^^^^^
  File "/home/airflow/.local/lib/python3.12/site-packages/airflow/providers/databricks/hooks/databricks_base.py", line 729, in _do_api_call
    raise AirflowException(msg)
airflow.exceptions.AirflowException: Response: {"error_code":"INVALID_PARAMETER_VALUE","message":"Run 1079128858635620 does not exist.","details":[{"@type":"type.googleapis.com/google.rpc.RequestInfo","request_id":"e6a97e1c-4528-4924-93fc-5ce225585785","serving_data":""}]}, Status Code: 400
[2026-04-23T16:17:04.721+0000] {taskinstance.py:1225} INFO - Marking task as UP_FOR_RETRY. dag_id=trigger_databricks_job, task_id=tasks, run_id=manual__2026-04-23T16:14:03.354953+00:00, execution_date=20260423T161403, start_date=20260423T161602, end_date=20260423T161704
[2026-04-23T16:17:04.742+0000] {taskinstance.py:340} INFO - ::group::Post task execution logs
[2026-04-23T16:17:04.743+0000] {standard_task_runner.py:124} ERROR - Failed to execute job 4 for task tasks (Response: {"error_code":"INVALID_PARAMETER_VALUE","message":"Run 1079128858635620 does not exist.","details":[{"@type":"type.googleapis.com/google.rpc.RequestInfo","request_id":"e6a97e1c-4528-4924-93fc-5ce225585785","serving_data":""}]}, Status Code: 400; 215)
Traceback (most recent call last):
  File "/home/airflow/.local/lib/python3.12/site-packages/airflow/providers/databricks/hooks/databricks_base.py", line 703, in _do_api_call
    for attempt in self._get_retry_object():
                   ^^^^^^^^^^^^^^^^^^^^^^^^
  File "/home/airflow/.local/lib/python3.12/site-packages/tenacity/__init__.py", line 443, in __iter__
    do = self.iter(retry_state=retry_state)
         ^^^^^^^^^^^^^^^^^^^^^^^^^^^^^^^^^^
  File "/home/airflow/.local/lib/python3.12/site-packages/tenacity/__init__.py", line 376, in iter
    result = action(retry_state)
             ^^^^^^^^^^^^^^^^^^^
  File "/home/airflow/.local/lib/python3.12/site-packages/tenacity/__init__.py", line 398, in <lambda>
    self._add_action_func(lambda rs: rs.outcome.result())
                                     ^^^^^^^^^^^^^^^^^^^
  File "/usr/local/lib/python3.12/concurrent/futures/_base.py", line 449, in result
    return self.__get_result()
           ^^^^^^^^^^^^^^^^^^^
  File "/usr/local/lib/python3.12/concurrent/futures/_base.py", line 401, in __get_result
    raise self._exception
  File "/home/airflow/.local/lib/python3.12/site-packages/airflow/providers/databricks/hooks/databricks_base.py", line 722, in _do_api_call
    response.raise_for_status()
  File "/home/airflow/.local/lib/python3.12/site-packages/requests/models.py", line 1024, in raise_for_status
    raise HTTPError(http_error_msg, response=self)
requests.exceptions.HTTPError: 400 Client Error: Bad Request for url: https://dbc-a744bafb-339b.cloud.databricks.com/api/2.1/jobs/runs/get?run_id=1079128858635620

During handling of the above exception, another exception occurred:

Traceback (most recent call last):
  File "/home/airflow/.local/lib/python3.12/site-packages/airflow/task/task_runner/standard_task_runner.py", line 117, in _start_by_fork
    ret = args.func(args, dag=self.dag)
          ^^^^^^^^^^^^^^^^^^^^^^^^^^^^^
  File "/home/airflow/.local/lib/python3.12/site-packages/airflow/cli/cli_config.py", line 49, in command
    return func(*args, **kwargs)
           ^^^^^^^^^^^^^^^^^^^^^
  File "/home/airflow/.local/lib/python3.12/site-packages/airflow/utils/cli.py", line 115, in wrapper
    return f(*args, **kwargs)
           ^^^^^^^^^^^^^^^^^^
  File "/home/airflow/.local/lib/python3.12/site-packages/airflow/cli/commands/task_command.py", line 483, in task_run
    task_return_code = _run_task_by_selected_method(args, _dag, ti)
                       ^^^^^^^^^^^^^^^^^^^^^^^^^^^^^^^^^^^^^^^^^^^^
  File "/home/airflow/.local/lib/python3.12/site-packages/airflow/cli/commands/task_command.py", line 256, in _run_task_by_selected_method
    return _run_raw_task(args, ti)
           ^^^^^^^^^^^^^^^^^^^^^^^
  File "/home/airflow/.local/lib/python3.12/site-packages/airflow/cli/commands/task_command.py", line 341, in _run_raw_task
    return ti._run_raw_task(
           ^^^^^^^^^^^^^^^^^
  File "/home/airflow/.local/lib/python3.12/site-packages/airflow/utils/session.py", line 97, in wrapper
    return func(*args, session=session, **kwargs)
           ^^^^^^^^^^^^^^^^^^^^^^^^^^^^^^^^^^^^^^
  File "/home/airflow/.local/lib/python3.12/site-packages/airflow/models/taskinstance.py", line 2995, in _run_raw_task
    return _run_raw_task(
           ^^^^^^^^^^^^^^
  File "/home/airflow/.local/lib/python3.12/site-packages/airflow/models/taskinstance.py", line 273, in _run_raw_task
    TaskInstance._execute_task_with_callbacks(
  File "/home/airflow/.local/lib/python3.12/site-packages/airflow/models/taskinstance.py", line 3149, in _execute_task_with_callbacks
    result = self._execute_task(context, task_orig)
             ^^^^^^^^^^^^^^^^^^^^^^^^^^^^^^^^^^^^^^
  File "/home/airflow/.local/lib/python3.12/site-packages/airflow/models/taskinstance.py", line 3173, in _execute_task
    return _execute_task(self, context, task_orig)
           ^^^^^^^^^^^^^^^^^^^^^^^^^^^^^^^^^^^^^^^
  File "/home/airflow/.local/lib/python3.12/site-packages/airflow/models/taskinstance.py", line 767, in _execute_task
    result = _execute_callable(context=context, **execute_callable_kwargs)
             ^^^^^^^^^^^^^^^^^^^^^^^^^^^^^^^^^^^^^^^^^^^^^^^^^^^^^^^^^^^^^
  File "/home/airflow/.local/lib/python3.12/site-packages/airflow/models/taskinstance.py", line 733, in _execute_callable
    return ExecutionCallableRunner(
           ^^^^^^^^^^^^^^^^^^^^^^^^
  File "/home/airflow/.local/lib/python3.12/site-packages/airflow/utils/operator_helpers.py", line 252, in run
    return self.func(*args, **kwargs)
           ^^^^^^^^^^^^^^^^^^^^^^^^^^
  File "/home/airflow/.local/lib/python3.12/site-packages/airflow/models/baseoperator.py", line 406, in wrapper
    return func(self, *args, **kwargs)
           ^^^^^^^^^^^^^^^^^^^^^^^^^^^
  File "/home/airflow/.local/lib/python3.12/site-packages/airflow/providers/databricks/operators/databricks.py", line 933, in execute
    _handle_databricks_operator_execution(self, hook, self.log, context)
  File "/home/airflow/.local/lib/python3.12/site-packages/airflow/providers/databricks/operators/databricks.py", line 90, in _handle_databricks_operator_execution
    run_info = hook.get_run(operator.run_id)
               ^^^^^^^^^^^^^^^^^^^^^^^^^^^^^
  File "/home/airflow/.local/lib/python3.12/site-packages/airflow/providers/databricks/hooks/databricks.py", line 545, in get_run
    response = self._do_api_call(GET_RUN_ENDPOINT, json)
               ^^^^^^^^^^^^^^^^^^^^^^^^^^^^^^^^^^^^^^^^^
  File "/home/airflow/.local/lib/python3.12/site-packages/airflow/providers/databricks/hooks/databricks_base.py", line 729, in _do_api_call
    raise AirflowException(msg)
airflow.exceptions.AirflowException: Response: {"error_code":"INVALID_PARAMETER_VALUE","message":"Run 1079128858635620 does not exist.","details":[{"@type":"type.googleapis.com/google.rpc.RequestInfo","request_id":"e6a97e1c-4528-4924-93fc-5ce225585785","serving_data":""}]}, Status Code: 400
[2026-04-23T16:17:04.771+0000] {local_task_job_runner.py:261} INFO - Task exited with return code 1
[2026-04-23T16:17:04.798+0000] {taskinstance.py:3891} INFO - 0 downstream tasks scheduled from follow-on schedule check
[2026-04-23T16:17:04.802+0000] {local_task_job_runner.py:240} INFO - ::endgroup::
