[2026-04-23T16:07:20.488+0000] {local_task_job_runner.py:123} INFO - ::group::Pre task execution logs
[2026-04-23T16:07:20.513+0000] {taskinstance.py:2603} INFO - Dependencies all met for dep_context=non-requeueable deps ti=<TaskInstance: trigger_databricks_job.silver manual__2026-04-23T16:02:17.837852+00:00 [queued]>
[2026-04-23T16:07:20.528+0000] {taskinstance.py:2603} INFO - Dependencies all met for dep_context=requeueable deps ti=<TaskInstance: trigger_databricks_job.silver manual__2026-04-23T16:02:17.837852+00:00 [queued]>
[2026-04-23T16:07:20.530+0000] {taskinstance.py:2856} INFO - Starting attempt 2 of 2
[2026-04-23T16:07:20.541+0000] {taskinstance.py:2879} INFO - Executing <Task(DatabricksRunNowOperator): silver> on 2026-04-23 16:02:17.837852+00:00
[2026-04-23T16:07:20.549+0000] {logging_mixin.py:190} WARNING - /home/***/.local/lib/python3.12/site-packages/***/task/task_runner/standard_task_runner.py:70 DeprecationWarning: This process (pid=252) is multi-threaded, use of fork() may lead to deadlocks in the child.
[2026-04-23T16:07:20.548+0000] {standard_task_runner.py:104} INFO - Running: ['***', 'tasks', 'run', 'trigger_databricks_job', 'silver', 'manual__2026-04-23T16:02:17.837852+00:00', '--job-id', '5', '--raw', '--subdir', 'DAGS_FOLDER/databricks_dag.py', '--cfg-path', '/tmp/tmpy0spob7f']
[2026-04-23T16:07:20.550+0000] {standard_task_runner.py:72} INFO - Started process 253 to run task
[2026-04-23T16:07:20.551+0000] {standard_task_runner.py:105} INFO - Job 5: Subtask silver
[2026-04-23T16:07:20.593+0000] {task_command.py:467} INFO - Running <TaskInstance: trigger_databricks_job.silver manual__2026-04-23T16:02:17.837852+00:00 [running]> on host 67bf20298209
[2026-04-23T16:07:20.651+0000] {taskinstance.py:3122} INFO - Exporting env vars: AIRFLOW_CTX_DAG_OWNER='***' AIRFLOW_CTX_DAG_ID='trigger_databricks_job' AIRFLOW_CTX_TASK_ID='silver' AIRFLOW_CTX_EXECUTION_DATE='2026-04-23T16:02:17.837852+00:00' AIRFLOW_CTX_TRY_NUMBER='2' AIRFLOW_CTX_DAG_RUN_ID='manual__2026-04-23T16:02:17.837852+00:00'
[2026-04-23T16:07:20.652+0000] {taskinstance.py:731} INFO - ::endgroup::
[2026-04-23T16:07:20.674+0000] {base.py:84} INFO - Retrieving connection 'databricks_default'
[2026-04-23T16:07:20.676+0000] {databricks_base.py:687} INFO - Using basic auth.
[2026-04-23T16:07:21.161+0000] {taskinstance.py:3301} ERROR - Task failed with exception
Traceback (most recent call last):
  File "/home/airflow/.local/lib/python3.12/site-packages/airflow/providers/databricks/hooks/databricks_base.py", line 703, in _do_api_call
    for attempt in self._get_retry_object():
                   ^^^^^^^^^^^^^^^^^^^^^^^^
  File "/home/airflow/.local/lib/python3.12/site-packages/tenacity/__init__.py", line 443, in __iter__
    do = self.iter(retry_state=retry_state)
         ^^^^^^^^^^^^^^^^^^^^^^^^^^^^^^^^^^
  File "/home/airflow/.local/lib/python3.12/site-packages/tenacity/__init__.py", line 376, in iter
    result = action(retry_state)
             ^^^^^^^^^^^^^^^^^^^
  File "/home/airflow/.local/lib/python3.12/site-packages/tenacity/__init__.py", line 398, in <lambda>
    self._add_action_func(lambda rs: rs.outcome.result())
                                     ^^^^^^^^^^^^^^^^^^^
  File "/usr/local/lib/python3.12/concurrent/futures/_base.py", line 449, in result
    return self.__get_result()
           ^^^^^^^^^^^^^^^^^^^
  File "/usr/local/lib/python3.12/concurrent/futures/_base.py", line 401, in __get_result
    raise self._exception
  File "/home/airflow/.local/lib/python3.12/site-packages/airflow/providers/databricks/hooks/databricks_base.py", line 722, in _do_api_call
    response.raise_for_status()
  File "/home/airflow/.local/lib/python3.12/site-packages/requests/models.py", line 1024, in raise_for_status
    raise HTTPError(http_error_msg, response=self)
requests.exceptions.HTTPError: 401 Client Error: Unauthorized for url: https://dbc-a744bafb-339b.cloud.databricks.com/api/2.1/jobs/run-now

During handling of the above exception, another exception occurred:

Traceback (most recent call last):
  File "/home/airflow/.local/lib/python3.12/site-packages/airflow/models/taskinstance.py", line 767, in _execute_task
    result = _execute_callable(context=context, **execute_callable_kwargs)
             ^^^^^^^^^^^^^^^^^^^^^^^^^^^^^^^^^^^^^^^^^^^^^^^^^^^^^^^^^^^^^
  File "/home/airflow/.local/lib/python3.12/site-packages/airflow/models/taskinstance.py", line 733, in _execute_callable
    return ExecutionCallableRunner(
           ^^^^^^^^^^^^^^^^^^^^^^^^
  File "/home/airflow/.local/lib/python3.12/site-packages/airflow/utils/operator_helpers.py", line 252, in run
    return self.func(*args, **kwargs)
           ^^^^^^^^^^^^^^^^^^^^^^^^^^
  File "/home/airflow/.local/lib/python3.12/site-packages/airflow/models/baseoperator.py", line 406, in wrapper
    return func(self, *args, **kwargs)
           ^^^^^^^^^^^^^^^^^^^^^^^^^^^
  File "/home/airflow/.local/lib/python3.12/site-packages/airflow/providers/databricks/operators/databricks.py", line 929, in execute
    self.run_id = hook.run_now(self.json)
                  ^^^^^^^^^^^^^^^^^^^^^^^
  File "/home/airflow/.local/lib/python3.12/site-packages/airflow/providers/databricks/hooks/databricks.py", line 338, in run_now
    response = self._do_api_call(RUN_NOW_ENDPOINT, json)
               ^^^^^^^^^^^^^^^^^^^^^^^^^^^^^^^^^^^^^^^^^
  File "/home/airflow/.local/lib/python3.12/site-packages/airflow/providers/databricks/hooks/databricks_base.py", line 729, in _do_api_call
    raise AirflowException(msg)
airflow.exceptions.AirflowException: Response: {"error_code":401,"message":"Unauthorized [ReqId: 0d522ffc-15f0-488a-98d1-fed6b2d554de]"}, Status Code: 401
[2026-04-23T16:07:21.169+0000] {taskinstance.py:1225} INFO - Marking task as FAILED. dag_id=trigger_databricks_job, task_id=silver, run_id=manual__2026-04-23T16:02:17.837852+00:00, execution_date=20260423T160217, start_date=20260423T160720, end_date=20260423T160721
[2026-04-23T16:07:21.221+0000] {taskinstance.py:340} INFO - ::group::Post task execution logs
[2026-04-23T16:07:21.234+0000] {standard_task_runner.py:124} ERROR - Failed to execute job 5 for task silver (Response: {"error_code":401,"message":"Unauthorized [ReqId: 0d522ffc-15f0-488a-98d1-fed6b2d554de]"}, Status Code: 401; 253)
Traceback (most recent call last):
  File "/home/airflow/.local/lib/python3.12/site-packages/airflow/providers/databricks/hooks/databricks_base.py", line 703, in _do_api_call
    for attempt in self._get_retry_object():
                   ^^^^^^^^^^^^^^^^^^^^^^^^
  File "/home/airflow/.local/lib/python3.12/site-packages/tenacity/__init__.py", line 443, in __iter__
    do = self.iter(retry_state=retry_state)
         ^^^^^^^^^^^^^^^^^^^^^^^^^^^^^^^^^^
  File "/home/airflow/.local/lib/python3.12/site-packages/tenacity/__init__.py", line 376, in iter
    result = action(retry_state)
             ^^^^^^^^^^^^^^^^^^^
  File "/home/airflow/.local/lib/python3.12/site-packages/tenacity/__init__.py", line 398, in <lambda>
    self._add_action_func(lambda rs: rs.outcome.result())
                                     ^^^^^^^^^^^^^^^^^^^
  File "/usr/local/lib/python3.12/concurrent/futures/_base.py", line 449, in result
    return self.__get_result()
           ^^^^^^^^^^^^^^^^^^^
  File "/usr/local/lib/python3.12/concurrent/futures/_base.py", line 401, in __get_result
    raise self._exception
  File "/home/airflow/.local/lib/python3.12/site-packages/airflow/providers/databricks/hooks/databricks_base.py", line 722, in _do_api_call
    response.raise_for_status()
  File "/home/airflow/.local/lib/python3.12/site-packages/requests/models.py", line 1024, in raise_for_status
    raise HTTPError(http_error_msg, response=self)
requests.exceptions.HTTPError: 401 Client Error: Unauthorized for url: https://dbc-a744bafb-339b.cloud.databricks.com/api/2.1/jobs/run-now

During handling of the above exception, another exception occurred:

Traceback (most recent call last):
  File "/home/airflow/.local/lib/python3.12/site-packages/airflow/task/task_runner/standard_task_runner.py", line 117, in _start_by_fork
    ret = args.func(args, dag=self.dag)
          ^^^^^^^^^^^^^^^^^^^^^^^^^^^^^
  File "/home/airflow/.local/lib/python3.12/site-packages/airflow/cli/cli_config.py", line 49, in command
    return func(*args, **kwargs)
           ^^^^^^^^^^^^^^^^^^^^^
  File "/home/airflow/.local/lib/python3.12/site-packages/airflow/utils/cli.py", line 115, in wrapper
    return f(*args, **kwargs)
           ^^^^^^^^^^^^^^^^^^
  File "/home/airflow/.local/lib/python3.12/site-packages/airflow/cli/commands/task_command.py", line 483, in task_run
    task_return_code = _run_task_by_selected_method(args, _dag, ti)
                       ^^^^^^^^^^^^^^^^^^^^^^^^^^^^^^^^^^^^^^^^^^^^
  File "/home/airflow/.local/lib/python3.12/site-packages/airflow/cli/commands/task_command.py", line 256, in _run_task_by_selected_method
    return _run_raw_task(args, ti)
           ^^^^^^^^^^^^^^^^^^^^^^^
  File "/home/airflow/.local/lib/python3.12/site-packages/airflow/cli/commands/task_command.py", line 341, in _run_raw_task
    return ti._run_raw_task(
           ^^^^^^^^^^^^^^^^^
  File "/home/airflow/.local/lib/python3.12/site-packages/airflow/utils/session.py", line 97, in wrapper
    return func(*args, session=session, **kwargs)
           ^^^^^^^^^^^^^^^^^^^^^^^^^^^^^^^^^^^^^^
  File "/home/airflow/.local/lib/python3.12/site-packages/airflow/models/taskinstance.py", line 2995, in _run_raw_task
    return _run_raw_task(
           ^^^^^^^^^^^^^^
  File "/home/airflow/.local/lib/python3.12/site-packages/airflow/models/taskinstance.py", line 273, in _run_raw_task
    TaskInstance._execute_task_with_callbacks(
  File "/home/airflow/.local/lib/python3.12/site-packages/airflow/models/taskinstance.py", line 3149, in _execute_task_with_callbacks
    result = self._execute_task(context, task_orig)
             ^^^^^^^^^^^^^^^^^^^^^^^^^^^^^^^^^^^^^^
  File "/home/airflow/.local/lib/python3.12/site-packages/airflow/models/taskinstance.py", line 3173, in _execute_task
    return _execute_task(self, context, task_orig)
           ^^^^^^^^^^^^^^^^^^^^^^^^^^^^^^^^^^^^^^^
  File "/home/airflow/.local/lib/python3.12/site-packages/airflow/models/taskinstance.py", line 767, in _execute_task
    result = _execute_callable(context=context, **execute_callable_kwargs)
             ^^^^^^^^^^^^^^^^^^^^^^^^^^^^^^^^^^^^^^^^^^^^^^^^^^^^^^^^^^^^^
  File "/home/airflow/.local/lib/python3.12/site-packages/airflow/models/taskinstance.py", line 733, in _execute_callable
    return ExecutionCallableRunner(
           ^^^^^^^^^^^^^^^^^^^^^^^^
  File "/home/airflow/.local/lib/python3.12/site-packages/airflow/utils/operator_helpers.py", line 252, in run
    return self.func(*args, **kwargs)
           ^^^^^^^^^^^^^^^^^^^^^^^^^^
  File "/home/airflow/.local/lib/python3.12/site-packages/airflow/models/baseoperator.py", line 406, in wrapper
    return func(self, *args, **kwargs)
           ^^^^^^^^^^^^^^^^^^^^^^^^^^^
  File "/home/airflow/.local/lib/python3.12/site-packages/airflow/providers/databricks/operators/databricks.py", line 929, in execute
    self.run_id = hook.run_now(self.json)
                  ^^^^^^^^^^^^^^^^^^^^^^^
  File "/home/airflow/.local/lib/python3.12/site-packages/airflow/providers/databricks/hooks/databricks.py", line 338, in run_now
    response = self._do_api_call(RUN_NOW_ENDPOINT, json)
               ^^^^^^^^^^^^^^^^^^^^^^^^^^^^^^^^^^^^^^^^^
  File "/home/airflow/.local/lib/python3.12/site-packages/airflow/providers/databricks/hooks/databricks_base.py", line 729, in _do_api_call
    raise AirflowException(msg)
airflow.exceptions.AirflowException: Response: {"error_code":401,"message":"Unauthorized [ReqId: 0d522ffc-15f0-488a-98d1-fed6b2d554de]"}, Status Code: 401
[2026-04-23T16:07:21.291+0000] {local_task_job_runner.py:261} INFO - Task exited with return code 1
[2026-04-23T16:07:21.308+0000] {taskinstance.py:3891} INFO - 0 downstream tasks scheduled from follow-on schedule check
[2026-04-23T16:07:21.314+0000] {local_task_job_runner.py:240} INFO - ::endgroup::
