[2026-04-23T16:14:04.732+0000] {local_task_job_runner.py:123} INFO - ::group::Pre task execution logs
[2026-04-23T16:14:04.749+0000] {taskinstance.py:2603} INFO - Dependencies all met for dep_context=non-requeueable deps ti=<TaskInstance: trigger_databricks_job.silver manual__2026-04-23T16:14:03.354953+00:00 [queued]>
[2026-04-23T16:14:04.760+0000] {taskinstance.py:2603} INFO - Dependencies all met for dep_context=requeueable deps ti=<TaskInstance: trigger_databricks_job.silver manual__2026-04-23T16:14:03.354953+00:00 [queued]>
[2026-04-23T16:14:04.761+0000] {taskinstance.py:2856} INFO - Starting attempt 1 of 2
[2026-04-23T16:14:04.771+0000] {taskinstance.py:2879} INFO - Executing <Task(DatabricksRunNowOperator): silver> on 2026-04-23 16:14:03.354953+00:00
[2026-04-23T16:14:04.778+0000] {logging_mixin.py:190} WARNING - /home/***/.local/lib/python3.12/site-packages/***/task/task_runner/standard_task_runner.py:70 DeprecationWarning: This process (pid=183) is multi-threaded, use of fork() may lead to deadlocks in the child.
[2026-04-23T16:14:04.778+0000] {standard_task_runner.py:104} INFO - Running: ['***', 'tasks', 'run', 'trigger_databricks_job', 'silver', 'manual__2026-04-23T16:14:03.354953+00:00', '--job-id', '2', '--raw', '--subdir', 'DAGS_FOLDER/databricks_dag.py', '--cfg-path', '/tmp/tmp2ir9m38x']
[2026-04-23T16:14:04.779+0000] {standard_task_runner.py:72} INFO - Started process 184 to run task
[2026-04-23T16:14:04.780+0000] {standard_task_runner.py:105} INFO - Job 2: Subtask silver
[2026-04-23T16:14:04.825+0000] {task_command.py:467} INFO - Running <TaskInstance: trigger_databricks_job.silver manual__2026-04-23T16:14:03.354953+00:00 [running]> on host 2e907bf8fb05
[2026-04-23T16:14:04.900+0000] {taskinstance.py:3122} INFO - Exporting env vars: AIRFLOW_CTX_DAG_OWNER='***' AIRFLOW_CTX_DAG_ID='trigger_databricks_job' AIRFLOW_CTX_TASK_ID='silver' AIRFLOW_CTX_EXECUTION_DATE='2026-04-23T16:14:03.354953+00:00' AIRFLOW_CTX_TRY_NUMBER='1' AIRFLOW_CTX_DAG_RUN_ID='manual__2026-04-23T16:14:03.354953+00:00'
[2026-04-23T16:14:04.902+0000] {taskinstance.py:731} INFO - ::endgroup::
[2026-04-23T16:14:04.946+0000] {base.py:84} INFO - Retrieving connection 'databricks_default'
[2026-04-23T16:14:04.949+0000] {databricks_base.py:687} INFO - Using basic auth.
[2026-04-23T16:14:05.786+0000] {databricks.py:83} INFO - Run submitted with run_id: 811325742821086
[2026-04-23T16:14:05.787+0000] {databricks_base.py:687} INFO - Using basic auth.
[2026-04-23T16:14:06.172+0000] {databricks_base.py:687} INFO - Using basic auth.
[2026-04-23T16:14:06.536+0000] {databricks.py:135} INFO - silver in run state: {'life_cycle_state': 'QUEUED', 'result_state': '', 'state_message': ''}
[2026-04-23T16:14:06.542+0000] {databricks.py:136} INFO - View run status, Spark UI, and logs at https://dbc-a744bafb-339b.cloud.databricks.com/?o=7474660085700623#job/755475453736163/run/811325742821086
[2026-04-23T16:14:06.543+0000] {databricks.py:137} INFO - Sleeping for 30 seconds.
[2026-04-23T16:14:36.543+0000] {databricks_base.py:687} INFO - Using basic auth.
[2026-04-23T16:14:36.927+0000] {databricks.py:135} INFO - silver in run state: {'life_cycle_state': 'RUNNING', 'result_state': '', 'state_message': ''}
[2026-04-23T16:14:36.928+0000] {databricks.py:136} INFO - View run status, Spark UI, and logs at https://dbc-a744bafb-339b.cloud.databricks.com/?o=7474660085700623#job/755475453736163/run/811325742821086
[2026-04-23T16:14:36.928+0000] {databricks.py:137} INFO - Sleeping for 30 seconds.
[2026-04-23T16:15:06.927+0000] {databricks_base.py:687} INFO - Using basic auth.
[2026-04-23T16:15:07.404+0000] {databricks.py:135} INFO - silver in run state: {'life_cycle_state': 'RUNNING', 'result_state': '', 'state_message': ''}
[2026-04-23T16:15:07.406+0000] {databricks.py:136} INFO - View run status, Spark UI, and logs at https://dbc-a744bafb-339b.cloud.databricks.com/?o=7474660085700623#job/755475453736163/run/811325742821086
[2026-04-23T16:15:07.407+0000] {databricks.py:137} INFO - Sleeping for 30 seconds.
[2026-04-23T16:15:25.652+0000] {local_task_job_runner.py:341} WARNING - State of this instance has been externally set to removed. Terminating instance.
[2026-04-23T16:15:25.654+0000] {local_task_job_runner.py:240} INFO - ::endgroup::
[2026-04-23T16:15:25.655+0000] {process_utils.py:132} INFO - Sending 15 to group 184. PIDs of all processes in the group: [184]
[2026-04-23T16:15:25.655+0000] {process_utils.py:87} INFO - Sending the signal 15 to group 184
[2026-04-23T16:15:25.656+0000] {taskinstance.py:3083} ERROR - Received SIGTERM. Terminating subprocesses.
[2026-04-23T16:15:25.657+0000] {databricks_base.py:687} INFO - Using basic auth.
[2026-04-23T16:15:26.036+0000] {databricks.py:960} INFO - Task: silver with run_id: 811325742821086 was requested to be cancelled.
[2026-04-23T16:15:26.060+0000] {taskinstance.py:340} INFO - ::group::Post task execution logs
[2026-04-23T16:15:26.070+0000] {process_utils.py:80} INFO - Process psutil.Process(pid=184, status='terminated', exitcode=0, started='16:14:04') (184) terminated with exit code 0
