[2026-04-23T16:33:21.772+0000] {local_task_job_runner.py:123} INFO - ::group::Pre task execution logs
[2026-04-23T16:33:21.785+0000] {taskinstance.py:2603} INFO - Dependencies all met for dep_context=non-requeueable deps ti=<TaskInstance: trigger_databricks_job.tasks manual__2026-04-23T16:33:20.600748+00:00 [queued]>
[2026-04-23T16:33:21.792+0000] {taskinstance.py:2603} INFO - Dependencies all met for dep_context=requeueable deps ti=<TaskInstance: trigger_databricks_job.tasks manual__2026-04-23T16:33:20.600748+00:00 [queued]>
[2026-04-23T16:33:21.793+0000] {taskinstance.py:2856} INFO - Starting attempt 1 of 2
[2026-04-23T16:33:21.803+0000] {taskinstance.py:2879} INFO - Executing <Task(DatabricksRunNowOperator): tasks> on 2026-04-23 16:33:20.600748+00:00
[2026-04-23T16:33:21.817+0000] {logging_mixin.py:190} WARNING - /home/***/.local/lib/python3.12/site-packages/***/task/task_runner/standard_task_runner.py:70 DeprecationWarning: This process (pid=321) is multi-threaded, use of fork() may lead to deadlocks in the child.
[2026-04-23T16:33:21.816+0000] {standard_task_runner.py:104} INFO - Running: ['***', 'tasks', 'run', 'trigger_databricks_job', 'tasks', 'manual__2026-04-23T16:33:20.600748+00:00', '--job-id', '3', '--raw', '--subdir', 'DAGS_FOLDER/databricks_dag.py', '--cfg-path', '/tmp/tmp274u_b91']
[2026-04-23T16:33:21.818+0000] {standard_task_runner.py:72} INFO - Started process 322 to run task
[2026-04-23T16:33:21.818+0000] {standard_task_runner.py:105} INFO - Job 3: Subtask tasks
[2026-04-23T16:33:21.883+0000] {task_command.py:467} INFO - Running <TaskInstance: trigger_databricks_job.tasks manual__2026-04-23T16:33:20.600748+00:00 [running]> on host 0588f81aa041
[2026-04-23T16:33:21.956+0000] {taskinstance.py:3122} INFO - Exporting env vars: AIRFLOW_CTX_DAG_OWNER='***' AIRFLOW_CTX_DAG_ID='trigger_databricks_job' AIRFLOW_CTX_TASK_ID='tasks' AIRFLOW_CTX_EXECUTION_DATE='2026-04-23T16:33:20.600748+00:00' AIRFLOW_CTX_TRY_NUMBER='1' AIRFLOW_CTX_DAG_RUN_ID='manual__2026-04-23T16:33:20.600748+00:00'
[2026-04-23T16:33:21.957+0000] {taskinstance.py:731} INFO - ::endgroup::
[2026-04-23T16:33:21.981+0000] {base.py:84} INFO - Retrieving connection 'databricks_default'
[2026-04-23T16:33:21.986+0000] {databricks_base.py:687} INFO - Using basic auth.
[2026-04-23T16:33:22.747+0000] {databricks.py:83} INFO - Run submitted with run_id: 590474329006759
[2026-04-23T16:33:22.748+0000] {databricks_base.py:687} INFO - Using basic auth.
[2026-04-23T16:33:23.153+0000] {databricks_base.py:687} INFO - Using basic auth.
[2026-04-23T16:33:23.513+0000] {databricks.py:135} INFO - tasks in run state: {'life_cycle_state': 'QUEUED', 'result_state': '', 'state_message': ''}
[2026-04-23T16:33:23.517+0000] {databricks.py:136} INFO - View run status, Spark UI, and logs at https://dbc-a744bafb-339b.cloud.databricks.com/?o=7474660085700623#job/755475453736163/run/590474329006759
[2026-04-23T16:33:23.518+0000] {databricks.py:137} INFO - Sleeping for 30 seconds.
[2026-04-23T16:33:53.517+0000] {databricks_base.py:687} INFO - Using basic auth.
[2026-04-23T16:33:53.894+0000] {databricks.py:135} INFO - tasks in run state: {'life_cycle_state': 'RUNNING', 'result_state': '', 'state_message': ''}
[2026-04-23T16:33:53.904+0000] {databricks.py:136} INFO - View run status, Spark UI, and logs at https://dbc-a744bafb-339b.cloud.databricks.com/?o=7474660085700623#job/755475453736163/run/590474329006759
[2026-04-23T16:33:53.906+0000] {databricks.py:137} INFO - Sleeping for 30 seconds.
[2026-04-23T16:34:23.906+0000] {databricks_base.py:687} INFO - Using basic auth.
[2026-04-23T16:34:25.805+0000] {databricks.py:135} INFO - tasks in run state: {'life_cycle_state': 'RUNNING', 'result_state': '', 'state_message': ''}
[2026-04-23T16:34:25.807+0000] {databricks.py:136} INFO - View run status, Spark UI, and logs at https://dbc-a744bafb-339b.cloud.databricks.com/?o=7474660085700623#job/755475453736163/run/590474329006759
[2026-04-23T16:34:25.808+0000] {databricks.py:137} INFO - Sleeping for 30 seconds.
[2026-04-23T16:34:55.801+0000] {databricks_base.py:687} INFO - Using basic auth.
[2026-04-23T16:34:56.353+0000] {databricks.py:94} INFO - tasks completed successfully.
[2026-04-23T16:34:56.355+0000] {databricks.py:95} INFO - View run status, Spark UI, and logs at https://dbc-a744bafb-339b.cloud.databricks.com/?o=7474660085700623#job/755475453736163/run/590474329006759
[2026-04-23T16:34:56.373+0000] {taskinstance.py:340} INFO - ::group::Post task execution logs
[2026-04-23T16:34:56.374+0000] {taskinstance.py:352} INFO - Marking task as SUCCESS. dag_id=trigger_databricks_job, task_id=tasks, run_id=manual__2026-04-23T16:33:20.600748+00:00, execution_date=20260423T163320, start_date=20260423T163321, end_date=20260423T163456
[2026-04-23T16:34:56.413+0000] {local_task_job_runner.py:261} INFO - Task exited with return code 0
[2026-04-23T16:34:56.434+0000] {taskinstance.py:3891} INFO - 0 downstream tasks scheduled from follow-on schedule check
[2026-04-23T16:34:56.438+0000] {local_task_job_runner.py:240} INFO - ::endgroup::
