[2026-04-21T03:11:23.816+0000] {manager.py:483} INFO - Processing files using up to 2 processes at a time 
[2026-04-21T03:11:23.816+0000] {manager.py:484} INFO - Process each file at most once every 30 seconds
[2026-04-21T03:11:23.817+0000] {manager.py:485} INFO - Checking for new files in /opt/airflow/dags every 300 seconds
[2026-04-21T03:11:23.817+0000] {manager.py:821} INFO - Searching for files in /opt/airflow/dags
[2026-04-21T03:11:23.826+0000] {manager.py:824} INFO - There are 1 files in /opt/airflow/dags
[2026-04-21T03:11:23.910+0000] {manager.py:997} INFO - 
================================================================================
DAG File Processing Stats

File Path                              PID  Runtime      # DAGs    # Errors  Last Runtime    Last Run      Last # of DB Queries
-----------------------------------  -----  ---------  --------  ----------  --------------  ----------  ----------------------
/opt/airflow/dags/databricks_dag.py    172  0.03s             0           0                                                   0
================================================================================
[2026-04-21T03:11:54.374+0000] {manager.py:997} INFO - 
================================================================================
DAG File Processing Stats

File Path                              PID  Runtime      # DAGs    # Errors  Last Runtime    Last Run               Last # of DB Queries
-----------------------------------  -----  ---------  --------  ----------  --------------  -------------------  ----------------------
/opt/airflow/dags/databricks_dag.py    177  0.01s             1           0  0.22s           2026-04-21T03:11:24                      24
================================================================================
[2026-04-21T03:12:25.027+0000] {manager.py:997} INFO - 
================================================================================
DAG File Processing Stats

File Path                              PID  Runtime      # DAGs    # Errors  Last Runtime    Last Run               Last # of DB Queries
-----------------------------------  -----  ---------  --------  ----------  --------------  -------------------  ----------------------
/opt/airflow/dags/databricks_dag.py    182  0.01s             1           0  0.25s           2026-04-21T03:11:54                      10
================================================================================
[2026-04-21T03:12:55.641+0000] {manager.py:997} INFO - 
================================================================================
DAG File Processing Stats

File Path                              PID  Runtime      # DAGs    # Errors  Last Runtime    Last Run               Last # of DB Queries
-----------------------------------  -----  ---------  --------  ----------  --------------  -------------------  ----------------------
/opt/airflow/dags/databricks_dag.py    187  0.00s             1           0  0.16s           2026-04-21T03:12:25                      10
================================================================================
[2026-04-21T03:13:26.197+0000] {manager.py:997} INFO - 
================================================================================
DAG File Processing Stats

File Path                              PID  Runtime      # DAGs    # Errors  Last Runtime    Last Run               Last # of DB Queries
-----------------------------------  -----  ---------  --------  ----------  --------------  -------------------  ----------------------
/opt/airflow/dags/databricks_dag.py    192  0.00s             1           0  0.23s           2026-04-21T03:12:55                      10
================================================================================
[2026-04-21T03:13:56.789+0000] {manager.py:997} INFO - 
================================================================================
DAG File Processing Stats

File Path                              PID  Runtime      # DAGs    # Errors  Last Runtime    Last Run               Last # of DB Queries
-----------------------------------  -----  ---------  --------  ----------  --------------  -------------------  ----------------------
/opt/airflow/dags/databricks_dag.py    197  0.00s             1           0  0.27s           2026-04-21T03:13:26                      10
================================================================================
[2026-04-21T03:14:27.265+0000] {manager.py:997} INFO - 
================================================================================
DAG File Processing Stats

File Path                              PID  Runtime      # DAGs    # Errors  Last Runtime    Last Run               Last # of DB Queries
-----------------------------------  -----  ---------  --------  ----------  --------------  -------------------  ----------------------
/opt/airflow/dags/databricks_dag.py    202  0.00s             1           0  0.13s           2026-04-21T03:13:56                      10
================================================================================
[2026-04-21T03:14:57.800+0000] {manager.py:997} INFO - 
================================================================================
DAG File Processing Stats

File Path                              PID  Runtime      # DAGs    # Errors  Last Runtime    Last Run               Last # of DB Queries
-----------------------------------  -----  ---------  --------  ----------  --------------  -------------------  ----------------------
/opt/airflow/dags/databricks_dag.py    207  0.00s             1           0  0.25s           2026-04-21T03:14:27                      10
================================================================================
[2026-04-21T03:15:28.470+0000] {manager.py:997} INFO - 
================================================================================
DAG File Processing Stats

File Path                              PID  Runtime      # DAGs    # Errors  Last Runtime    Last Run               Last # of DB Queries
-----------------------------------  -----  ---------  --------  ----------  --------------  -------------------  ----------------------
/opt/airflow/dags/databricks_dag.py    212  0.00s             1           0  0.24s           2026-04-21T03:14:58                      10
================================================================================
[2026-04-21T03:15:58.976+0000] {manager.py:997} INFO - 
================================================================================
DAG File Processing Stats

File Path                              PID  Runtime      # DAGs    # Errors  Last Runtime    Last Run               Last # of DB Queries
-----------------------------------  -----  ---------  --------  ----------  --------------  -------------------  ----------------------
/opt/airflow/dags/databricks_dag.py    220  0.00s             1           0  0.14s           2026-04-21T03:15:28                      10
================================================================================
[2026-04-21T03:16:24.486+0000] {manager.py:821} INFO - Searching for files in /opt/airflow/dags
[2026-04-21T03:16:24.628+0000] {manager.py:824} INFO - There are 1 files in /opt/airflow/dags
[2026-04-21T03:16:29.789+0000] {manager.py:997} INFO - 
================================================================================
DAG File Processing Stats

File Path                              PID  Runtime      # DAGs    # Errors  Last Runtime    Last Run               Last # of DB Queries
-----------------------------------  -----  ---------  --------  ----------  --------------  -------------------  ----------------------
/opt/airflow/dags/databricks_dag.py    225  0.01s             1           0  0.22s           2026-04-21T03:15:59                      10
================================================================================
[2026-04-21T03:17:00.320+0000] {manager.py:997} INFO - 
================================================================================
DAG File Processing Stats

File Path                              PID  Runtime      # DAGs    # Errors  Last Runtime    Last Run               Last # of DB Queries
-----------------------------------  -----  ---------  --------  ----------  --------------  -------------------  ----------------------
/opt/airflow/dags/databricks_dag.py    230  0.01s             1           0  0.27s           2026-04-21T03:16:30                      10
================================================================================
[2026-04-21T03:17:30.832+0000] {manager.py:997} INFO - 
================================================================================
DAG File Processing Stats

File Path                              PID  Runtime      # DAGs    # Errors  Last Runtime    Last Run               Last # of DB Queries
-----------------------------------  -----  ---------  --------  ----------  --------------  -------------------  ----------------------
/opt/airflow/dags/databricks_dag.py    235  0.00s             1           0  0.27s           2026-04-21T03:17:00                      10
================================================================================
